../Core/Src/main.c:178:6:Send_Data_To_UART1	0	static
../Core/Src/main.c:165:6:iputs1	8	static
../Core/Src/main.c:172:6:iputbytes1	16	static
../Core/Src/main.c:186:9:get_checksum_8	0	static
../Core/Src/main.c:202:6:dowith_uart_tx	0	static
../Core/Src/main.c:243:6:dowith_uart_rx	16	static
../Core/Src/main.c:297:6:delay_count	0	static
../Core/Src/main.c:304:9:SPI_transfer	0	static
../Core/Src/main.c:319:9:mmc0_read_byte	16	static
../Core/Src/main.c:333:6:mmc0_write_byte	16	static
../Core/Src/main.c:345:6:mmc0_read_bytes	24	static
../Core/Src/main.c:355:6:mmc0_readfromspi	16	static
../Core/Src/main.c:372:6:mmc0_init	8	static
../Core/Src/main.c:410:6:mmc0_read_data	16	static
../Core/Src/main.c:424:6:mmc0_init2	8	static
../Core/Src/main.c:455:6:mmc0_read_data2	24	static
../Core/Src/main.c:485:9:mmc1_read_byte	16	static
../Core/Src/main.c:499:6:mmc1_write_byte	16	static
../Core/Src/main.c:511:6:mmc1_read_bytes	24	static
../Core/Src/main.c:521:6:mmc1_readfromspi	16	static
../Core/Src/main.c:538:6:mmc1_init	8	static
../Core/Src/main.c:576:6:mmc1_read_data	16	static
../Core/Src/main.c:589:6:mmc1_init2	8	static
../Core/Src/main.c:620:6:mmc1_read_data2	24	static
../Core/Src/main.c:648:9:icm0_read_byte	16	static
../Core/Src/main.c:662:6:icm0_write_byte	16	static
../Core/Src/main.c:674:6:icm0_read_bytes	24	static
../Core/Src/main.c:684:6:icm0_readfromspi	16	static
../Core/Src/main.c:701:6:icm0_init	8	static
../Core/Src/main.c:742:6:icm0_read_data	16	static
../Core/Src/main.c:889:6:SystemClock_Config	8	static
../Core/Src/main.c:763:5:main	32	static
../Core/Src/main.c:927:6:Error_Handler	0	static,ignoring_inline_asm
