../Drivers/CMSIS/Include/core_cm0plus.h:741:22:__NVIC_EnableIRQ	16	static,ignoring_inline_asm
../Drivers/CMSIS/Include/core_cm0plus.h:850:22:__NVIC_SetPriority	24	static
../Drivers/STM32C0xx_HAL_Driver/Inc/stm32c0xx_ll_rcc.h:1242:22:LL_RCC_SetUSARTClockSource	16	static
../Drivers/STM32C0xx_HAL_Driver/Inc/stm32c0xx_ll_bus.h:478:22:LL_APB2_GRP1_EnableClock	24	static
../Drivers/STM32C0xx_HAL_Driver/Inc/stm32c0xx_ll_bus.h:672:22:LL_IOP_GRP1_EnableClock	24	static
../Drivers/STM32C0xx_HAL_Driver/Inc/stm32c0xx_ll_system.h:385:22:LL_SYSCFG_EnableFastModePlus	16	static
../Drivers/STM32C0xx_HAL_Driver/Inc/stm32c0xx_ll_usart.h:634:22:LL_USART_Enable	16	static
../Drivers/STM32C0xx_HAL_Driver/Inc/stm32c0xx_ll_usart.h:685:22:LL_USART_DisableFIFO	16	static
../Drivers/STM32C0xx_HAL_Driver/Inc/stm32c0xx_ll_usart.h:718:22:LL_USART_SetTXFIFOThreshold	32	static,ignoring_inline_asm
../Drivers/STM32C0xx_HAL_Driver/Inc/stm32c0xx_ll_usart.h:757:22:LL_USART_SetRXFIFOThreshold	32	static,ignoring_inline_asm
../Drivers/STM32C0xx_HAL_Driver/Inc/stm32c0xx_ll_usart.h:2673:22:LL_USART_ConfigAsyncMode	16	static
../Drivers/STM32C0xx_HAL_Driver/Inc/stm32c0xx_ll_usart.h:3193:26:LL_USART_IsActiveFlag_TEACK	16	static
../Drivers/STM32C0xx_HAL_Driver/Inc/stm32c0xx_ll_usart.h:3204:26:LL_USART_IsActiveFlag_REACK	16	static
../Drivers/STM32C0xx_HAL_Driver/Inc/stm32c0xx_ll_usart.h:3278:22:LL_USART_ClearFlag_PE	16	static
../Drivers/STM32C0xx_HAL_Driver/Inc/stm32c0xx_ll_usart.h:3289:22:LL_USART_ClearFlag_FE	16	static
../Drivers/STM32C0xx_HAL_Driver/Inc/stm32c0xx_ll_usart.h:3300:22:LL_USART_ClearFlag_NE	16	static
../Drivers/STM32C0xx_HAL_Driver/Inc/stm32c0xx_ll_usart.h:3311:22:LL_USART_ClearFlag_ORE	16	static
../Drivers/STM32C0xx_HAL_Driver/Inc/stm32c0xx_ll_usart.h:3478:22:LL_USART_EnableIT_RXNE_RXFNE	32	static,ignoring_inline_asm
../Drivers/STM32C0xx_HAL_Driver/Inc/stm32c0xx_ll_usart.h:3489:22:LL_USART_EnableIT_TC	32	static,ignoring_inline_asm
../Drivers/STM32C0xx_HAL_Driver/Inc/stm32c0xx_ll_usart.h:3504:22:LL_USART_EnableIT_TXE_TXFNF	32	static,ignoring_inline_asm
../Drivers/STM32C0xx_HAL_Driver/Inc/stm32c0xx_ll_usart.h:3602:22:LL_USART_EnableIT_ERROR	32	static,ignoring_inline_asm
../Drivers/STM32C0xx_HAL_Driver/Inc/stm32c0xx_ll_usart.h:3704:22:LL_USART_DisableIT_TC	32	static,ignoring_inline_asm
../Drivers/STM32C0xx_HAL_Driver/Inc/stm32c0xx_ll_usart.h:3719:22:LL_USART_DisableIT_TXE_TXFNF	32	static,ignoring_inline_asm
../Drivers/STM32C0xx_HAL_Driver/Inc/stm32c0xx_ll_usart.h:4251:25:LL_USART_ReceiveData8	16	static
../Drivers/STM32C0xx_HAL_Driver/Inc/stm32c0xx_ll_usart.h:4274:22:LL_USART_TransmitData8	16	static
../Core/Src/usart.c:37:6:MX_USART1_UART_Init	72	static
../Core/Src/usart.c:133:6:ommo_uart_tx_task	8	static
../Core/Src/usart.c:151:6:USART_TXEmpty_Callback	8	static
../Core/Src/usart.c:171:6:USART_CharTransmitComplete_Callback	8	static
../Core/Src/usart.c:190:6:Error_Callback	16	static
../Core/Src/usart.c:235:6:USART_CharReception_Callback	24	static
../Core/Src/usart.c:253:6:ommo_uart_tx_string_task	8	static
../Core/Src/usart.c:272:6:ommo_uart_rx_string_task	8	static
../Core/Src/usart.c:295:6:ommo_uart_task	8	static
