<html>
<body>
<pre>
<h1>µVision Build Log</h1>
<h2>Tool Versions:</h2>
IDE-Version: ¦ÌVision V5.37.0.0
Copyright (C) 2022 ARM Ltd and ARM Germany GmbH. All rights reserved.
License Information: zhcr spring, jjj, LIC=D0D7S-LTQ66-ARRXW-QA7MX-EBBKQ-Q6E0T
 
Tool Versions:
Toolchain:       MDK-ARM Plus  Version: 5.37.0.0
Toolchain Path:  C:\Keil_v537\ARM\ARMCLANG\Bin
C Compiler:      ArmClang.exe V6.18
Assembler:       Armasm.exe V6.18
Linker/Locator:  ArmLink.exe V6.18
Library Manager: ArmAr.exe V6.18
Hex Converter:   FromElf.exe V6.18
CPU DLL:         SARMCM3.DLL V5.37.0.0
Dialog DLL:      DARMCM1.DLL V1.19.6.0
Target DLL:      STLink\ST-LINKIII-KEIL_SWO.dll V3.0.9.0
Dialog DLL:      TARMCM1.DLL V1.14.6.0
 
<h2>Project:</h2>
D:\STM32MCX-TEST2\C011prj_test\prj1\MDK-ARM\prj1.uvprojx
Project File Date:  11/22/2023

<h2>Output:</h2>
*** Using Compiler 'V6.18', folder: 'C:\Keil_v537\ARM\ARMCLANG\Bin'
Build target 'prj1'
compiling main.c...
linking...
Program Size: Code=6468 RO-data=320 RW-data=16 ZI-data=1752  
FromELF: creating hex file...
".\obj\prj1.axf" - 0 Error(s), 0 Warning(s).

<h2>Software Packages used:</h2>

Package Vendor: ARM
                http://www.keil.com/pack/ARM.CMSIS.5.9.0.pack
                ARM.CMSIS.5.9.0
                CMSIS (Common Microcontroller Software Interface Standard)
   * Component: CORE Version: 5.6.0

Package Vendor: Keil
                https://www.keil.com/pack/Keil.STM32C0xx_DFP.1.0.0.pack
                Keil.STM32C0xx_DFP.1.0.0
                STMicroelectronics STM32C0 Series Device Support

<h2>Collection of Component include folders:</h2>
  ./RTE/_prj1
  C:/Keil_v537/Packs/ARM/CMSIS/5.9.0/CMSIS/Core/Include
  C:/Keil_v537/Packs/Keil/STM32C0xx_DFP/1.0.0/Drivers/CMSIS/Device/ST/STM32C0xx/Include

<h2>Collection of Component Files used:</h2>

   * Component: ARM::CMSIS:CORE:5.6.0
      Include file:  CMSIS/Core/Include/tz_context.h
Build Time Elapsed:  00:00:03
</pre>
</body>
</html>
