../Drivers/STM32C0xx_HAL_Driver/Inc/stm32c0xx_ll_exti.h:858:26:LL_EXTI_IsActiveRisingFlag_0_31	16	static
../Drivers/STM32C0xx_HAL_Driver/Inc/stm32c0xx_ll_exti.h:926:22:LL_EXTI_ClearRisingFlag_0_31	16	static
../Drivers/STM32C0xx_HAL_Driver/Inc/stm32c0xx_ll_tim.h:3909:22:LL_TIM_ClearFlag_UPDATE	16	static
../Drivers/STM32C0xx_HAL_Driver/Inc/stm32c0xx_ll_tim.h:3920:26:LL_TIM_IsActiveFlag_UPDATE	16	static
../Drivers/STM32C0xx_HAL_Driver/Inc/stm32c0xx_ll_usart.h:2997:26:LL_USART_IsActiveFlag_RXNE_RXFNE	16	static
../Drivers/STM32C0xx_HAL_Driver/Inc/stm32c0xx_ll_usart.h:3910:26:LL_USART_IsEnabledIT_RXNE_RXFNE	16	static
../Core/Src/stm32c0xx_it.c:83:6:NMI_Handler	8	static
../Core/Src/stm32c0xx_it.c:98:6:HardFault_Handler	8	static
../Core/Src/stm32c0xx_it.c:113:6:SVC_Handler	8	static
../Core/Src/stm32c0xx_it.c:126:6:PendSV_Handler	8	static
../Core/Src/stm32c0xx_it.c:139:6:SysTick_Handler	8	static
../Core/Src/stm32c0xx_it.c:160:6:EXTI0_1_IRQHandler	8	static
../Core/Src/stm32c0xx_it.c:183:6:TIM1_BRK_UP_TRG_COM_IRQHandler	8	static
../Core/Src/stm32c0xx_it.c:204:6:USART1_IRQHandler	16	static
