../Drivers/STM32C0xx_HAL_Driver/Inc/stm32c0xx_ll_gpio.h:282:22:LL_GPIO_SetPinMode	64	static
../Drivers/STM32C0xx_HAL_Driver/Inc/stm32c0xx_ll_gpio.h:351:22:LL_GPIO_SetPinOutputType	24	static
../Drivers/STM32C0xx_HAL_Driver/Inc/stm32c0xx_ll_gpio.h:422:22:LL_GPIO_SetPinSpeed	64	static
../Drivers/STM32C0xx_HAL_Driver/Inc/stm32c0xx_ll_gpio.h:493:22:LL_GPIO_SetPinPull	64	static
../Drivers/STM32C0xx_HAL_Driver/Inc/stm32c0xx_ll_gpio.h:565:22:LL_GPIO_SetAFPin_0_7	64	static
../Drivers/STM32C0xx_HAL_Driver/Inc/stm32c0xx_ll_gpio.h:642:22:LL_GPIO_SetAFPin_8_15	64	static
../Drivers/STM32C0xx_HAL_Driver/Inc/stm32c0xx_ll_bus.h:737:22:LL_IOP_GRP1_ForceReset	16	static
../Drivers/STM32C0xx_HAL_Driver/Inc/stm32c0xx_ll_bus.h:758:22:LL_IOP_GRP1_ReleaseReset	16	static
../Drivers/STM32C0xx_HAL_Driver/Src/stm32c0xx_ll_gpio.c:103:13:LL_GPIO_DeInit	24	static
../Drivers/STM32C0xx_HAL_Driver/Src/stm32c0xx_ll_gpio.c:155:13:LL_GPIO_Init	56	static
../Drivers/STM32C0xx_HAL_Driver/Src/stm32c0xx_ll_gpio.c:231:6:LL_GPIO_StructInit	16	static
