../Drivers/STM32C0xx_HAL_Driver/Inc/stm32c0xx_ll_tim.h:3909:22:LL_TIM_ClearFlag_UPDATE	16	static
../Drivers/STM32C0xx_HAL_Driver/Inc/stm32c0xx_ll_tim.h:3920:26:LL_TIM_IsActiveFlag_UPDATE	16	static
../Drivers/STM32C0xx_HAL_Driver/Inc/stm32c0xx_ll_usart.h:2997:26:LL_USART_IsActiveFlag_RXNE_RXFNE	16	static
../Drivers/STM32C0xx_HAL_Driver/Inc/stm32c0xx_ll_usart.h:3910:26:LL_USART_IsEnabledIT_RXNE_RXFNE	16	static
../Core/Src/stm32c0xx_it.c:71:6:NMI_Handler	8	static
../Core/Src/stm32c0xx_it.c:86:6:HardFault_Handler	8	static
../Core/Src/stm32c0xx_it.c:101:6:SVC_Handler	8	static
../Core/Src/stm32c0xx_it.c:114:6:PendSV_Handler	8	static
../Core/Src/stm32c0xx_it.c:127:6:SysTick_Handler	8	static
../Core/Src/stm32c0xx_it.c:148:6:TIM1_BRK_UP_TRG_COM_IRQHandler	8	static
../Core/Src/stm32c0xx_it.c:169:6:USART1_IRQHandler	8	static
