../Drivers/STM32C0xx_HAL_Driver/Inc/stm32c0xx_ll_exti.h:257:22:LL_EXTI_EnableIT_0_31	16	static
../Drivers/STM32C0xx_HAL_Driver/Inc/stm32c0xx_ll_exti.h:292:22:LL_EXTI_DisableIT_0_31	16	static
../Drivers/STM32C0xx_HAL_Driver/Inc/stm32c0xx_ll_exti.h:367:22:LL_EXTI_EnableEvent_0_31	16	static
../Drivers/STM32C0xx_HAL_Driver/Inc/stm32c0xx_ll_exti.h:400:22:LL_EXTI_DisableEvent_0_31	16	static
../Drivers/STM32C0xx_HAL_Driver/Inc/stm32c0xx_ll_exti.h:480:22:LL_EXTI_EnableRisingTrig_0_31	16	static
../Drivers/STM32C0xx_HAL_Driver/Inc/stm32c0xx_ll_exti.h:519:22:LL_EXTI_DisableRisingTrig_0_31	16	static
../Drivers/STM32C0xx_HAL_Driver/Inc/stm32c0xx_ll_exti.h:599:22:LL_EXTI_EnableFallingTrig_0_31	16	static
../Drivers/STM32C0xx_HAL_Driver/Inc/stm32c0xx_ll_exti.h:637:22:LL_EXTI_DisableFallingTrig_0_31	16	static
../Drivers/STM32C0xx_HAL_Driver/Src/stm32c0xx_ll_exti.c:79:13:LL_EXTI_DeInit	8	static
../Drivers/STM32C0xx_HAL_Driver/Src/stm32c0xx_ll_exti.c:104:13:LL_EXTI_Init	24	static
../Drivers/STM32C0xx_HAL_Driver/Src/stm32c0xx_ll_exti.c:185:6:LL_EXTI_StructInit	16	static
