<html>
<body>
<pre>
<h1>µVision Build Log</h1>
<h2>Tool Versions:</h2>
IDE-Version: ¦ÌVision V5.38.0.0
Copyright (C) 2022 ARM Ltd and ARM Germany GmbH. All rights reserved.
License Information: zh cr, ggg, LIC=76F5U-SV76G-PCHJ8-3XN6D-R57IV-NMT1F
 
Tool Versions:
Toolchain:       MDK-ARM Plus  Version: 5.38.0.0
Toolchain Path:  C:\Keil_v538a\ARM\ARMCLANG\Bin
C Compiler:      ArmClang.exe V6.19
Assembler:       Armasm.exe V6.19
Linker/Locator:  ArmLink.exe V6.19
Library Manager: ArmAr.exe V6.19
Hex Converter:   FromElf.exe V6.19
CPU DLL:         SARMCM3.DLL V5.38.0.0
Dialog DLL:      DARMCM1.DLL V1.19.6.0
Target DLL:      STLink\ST-LINKIII-KEIL_SWO.dll V3.1.0.0
Dialog DLL:      TARMCM1.DLL V1.14.6.0
 
<h2>Project:</h2>
D:\stm32_readsensor_¶Ô²â\ommocom-03-af-ready-to-github-ok-k-V240229-1712\MDK-ARM\ommocom.uvprojx
Project File Date:  02/22/2024

<h2>Output:</h2>
*** Using Compiler 'V6.19', folder: 'C:\Keil_v538a\ARM\ARMCLANG\Bin'
Build target 'ommocom'
assembling startup_stm32c011xx.s...
compiling gpio.c...
compiling spi.c...
compiling main.c...
compiling usart.c...
compiling tim.c...
compiling stm32c0xx_it.c...
compiling stm32c0xx_ll_exti.c...
compiling stm32c0xx_ll_gpio.c...
compiling stm32c0xx_ll_rcc.c...
compiling stm32c0xx_ll_utils.c...
compiling stm32c0xx_ll_spi.c...
compiling stm32c0xx_ll_dma.c...
compiling stm32c0xx_ll_pwr.c...
compiling stm32c0xx_ll_tim.c...
compiling stm32c0xx_ll_usart.c...
compiling system_stm32c0xx.c...
linking...
Program Size: Code=11380 RO-data=320 RW-data=4 ZI-data=1780  
FromELF: creating hex file...
"ommocom\ommocom.axf" - 0 Error(s), 0 Warning(s).

<h2>Software Packages used:</h2>

Package Vendor: ARM
                http://www.keil.com/pack/ARM.CMSIS.5.9.0.pack
                ARM.CMSIS.5.9.0
                CMSIS (Common Microcontroller Software Interface Standard)
   * Component: CORE Version: 5.6.0

Package Vendor: Keil
                https://www.keil.com/pack/Keil.STM32C0xx_DFP.1.0.0.pack
                Keil.STM32C0xx_DFP.1.0.0
                STMicroelectronics STM32C0 Series Device Support

<h2>Collection of Component include folders:</h2>
  ./RTE/_ommocom
  C:/Users/globalsilicon/AppData/Local/Arm/Packs/ARM/CMSIS/5.9.0/CMSIS/Core/Include
  C:/Users/globalsilicon/AppData/Local/Arm/Packs/Keil/STM32C0xx_DFP/1.0.0/Drivers/CMSIS/Device/ST/STM32C0xx/Include

<h2>Collection of Component Files used:</h2>

   * Component: ARM::CMSIS:CORE:5.6.0
      Include file:  CMSIS/Core/Include/tz_context.h
Build Time Elapsed:  00:00:18
</pre>
</body>
</html>
