../Core/Src/stm32c0xx_it.c:83:6:NMI_Handler	0	static
../Core/Src/stm32c0xx_it.c:98:6:HardFault_Handler	0	static
../Core/Src/stm32c0xx_it.c:113:6:SVC_Handler	0	static
../Core/Src/stm32c0xx_it.c:126:6:PendSV_Handler	0	static
../Core/Src/stm32c0xx_it.c:139:6:SysTick_Handler	0	static
../Core/Src/stm32c0xx_it.c:160:6:TIM1_BRK_UP_TRG_COM_IRQHandler	8	static
../Core/Src/stm32c0xx_it.c:181:6:TIM17_IRQHandler	0	static
../Core/Src/stm32c0xx_it.c:194:6:SPI1_IRQHandler	0	static
../Core/Src/stm32c0xx_it.c:207:6:USART1_IRQHandler	40	static
