../Core/Src/stm32c0xx_it.c:83:6:NMI_Handler	0	static
../Core/Src/stm32c0xx_it.c:98:6:HardFault_Handler	0	static
../Core/Src/stm32c0xx_it.c:113:6:SVC_Handler	0	static
../Core/Src/stm32c0xx_it.c:126:6:PendSV_Handler	0	static
../Core/Src/stm32c0xx_it.c:139:6:SysTick_Handler	0	static
../Core/Src/stm32c0xx_it.c:160:6:EXTI0_1_IRQHandler	0	static
../Core/Src/stm32c0xx_it.c:190:6:EXTI4_15_IRQHandler	0	static
../Core/Src/stm32c0xx_it.c:210:6:TIM1_BRK_UP_TRG_COM_IRQHandler	8	static
../Core/Src/stm32c0xx_it.c:231:6:SPI1_IRQHandler	0	static
../Core/Src/stm32c0xx_it.c:244:6:USART1_IRQHandler	16	static
