../Drivers/CMSIS/Include/core_cm0plus.h:850:22:__NVIC_SetPriority	24	static
../Drivers/STM32C0xx_HAL_Driver/Inc/stm32c0xx_ll_rcc.h:677:22:LL_RCC_HSI_Enable	8	static
../Drivers/STM32C0xx_HAL_Driver/Inc/stm32c0xx_ll_rcc.h:735:26:LL_RCC_HSI_IsReady	8	static
../Drivers/STM32C0xx_HAL_Driver/Inc/stm32c0xx_ll_rcc.h:761:22:LL_RCC_HSI_SetCalibTrimming	16	static
../Drivers/STM32C0xx_HAL_Driver/Inc/stm32c0xx_ll_rcc.h:1005:22:LL_RCC_SetSysClkSource	16	static
../Drivers/STM32C0xx_HAL_Driver/Inc/stm32c0xx_ll_rcc.h:1019:26:LL_RCC_GetSysClkSource	8	static
../Drivers/STM32C0xx_HAL_Driver/Inc/stm32c0xx_ll_rcc.h:1039:22:LL_RCC_SetAHBPrescaler	16	static
../Drivers/STM32C0xx_HAL_Driver/Inc/stm32c0xx_ll_rcc.h:1055:22:LL_RCC_SetAPB1Prescaler	16	static
../Drivers/STM32C0xx_HAL_Driver/Inc/stm32c0xx_ll_rcc.h:1076:22:LL_RCC_SetHSIDiv	16	static
../Drivers/STM32C0xx_HAL_Driver/Inc/stm32c0xx_ll_rcc.h:1184:22:LL_RCC_ConfigMCO	16	static
../Drivers/STM32C0xx_HAL_Driver/Inc/stm32c0xx_ll_bus.h:298:22:LL_APB1_GRP1_EnableClock	24	static
../Drivers/STM32C0xx_HAL_Driver/Inc/stm32c0xx_ll_bus.h:478:22:LL_APB2_GRP1_EnableClock	24	static
../Drivers/STM32C0xx_HAL_Driver/Inc/stm32c0xx_ll_system.h:291:22:LL_SYSCFG_EnablePinRemap	16	static
../Drivers/STM32C0xx_HAL_Driver/Inc/stm32c0xx_ll_system.h:1089:22:LL_FLASH_SetLatency	16	static
../Drivers/STM32C0xx_HAL_Driver/Inc/stm32c0xx_ll_spi.h:358:22:LL_SPI_Enable	16	static
../Drivers/STM32C0xx_HAL_Driver/Inc/stm32c0xx_ll_spi.h:905:26:LL_SPI_IsActiveFlag_RXNE	16	static
../Drivers/STM32C0xx_HAL_Driver/Inc/stm32c0xx_ll_spi.h:916:26:LL_SPI_IsActiveFlag_TXE	16	static
../Drivers/STM32C0xx_HAL_Driver/Inc/stm32c0xx_ll_spi.h:1333:25:LL_SPI_ReceiveData8	16	static
../Drivers/STM32C0xx_HAL_Driver/Inc/stm32c0xx_ll_spi.h:1356:22:LL_SPI_TransmitData8	24	static
../Drivers/STM32C0xx_HAL_Driver/Inc/stm32c0xx_ll_gpio.h:890:22:LL_GPIO_SetOutputPin	16	static
../Drivers/STM32C0xx_HAL_Driver/Inc/stm32c0xx_ll_gpio.h:919:22:LL_GPIO_ResetOutputPin	16	static
../Drivers/STM32C0xx_HAL_Driver/Inc/stm32c0xx_ll_gpio.h:948:22:LL_GPIO_TogglePin	24	static
../Core/Src/main.c:109:6:iputs1	16	static
../Core/Src/main.c:115:6:iputbytes1	16	static
../Core/Src/main.c:121:6:Send_Data_To_UART1	16	static
../Core/Src/main.c:129:9:get_checksum_8	24	static
../Core/Src/main.c:145:6:dowith_uart_tx	40	static
../Core/Src/main.c:186:6:dowith_uart_rx	24	static
../Core/Src/main.c:240:6:delay_count	24	static
../Core/Src/main.c:246:9:SPI_transfer	16	static
../Core/Src/main.c:257:9:mmc0_read_byte	32	static
../Core/Src/main.c:272:6:mmc0_write_byte	16	static
../Core/Src/main.c:284:6:mmc0_read_bytes	32	static
../Core/Src/main.c:301:5:main	64	static
../Core/Src/main.c:434:6:SystemClock_Config	8	static
../Core/Src/main.c:472:6:Error_Handler	8	static,ignoring_inline_asm
