../Drivers/CMSIS/Include/core_cm0plus.h:741:22:__NVIC_EnableIRQ	16	static,ignoring_inline_asm
../Drivers/CMSIS/Include/core_cm0plus.h:850:22:__NVIC_SetPriority	24	static
../Drivers/STM32C0xx_HAL_Driver/Inc/stm32c0xx_ll_bus.h:478:22:LL_APB2_GRP1_EnableClock	24	static
../Drivers/STM32C0xx_HAL_Driver/Inc/stm32c0xx_ll_tim.h:1370:22:LL_TIM_EnableCounter	16	static
../Drivers/STM32C0xx_HAL_Driver/Inc/stm32c0xx_ll_tim.h:1561:22:LL_TIM_DisableARRPreload	16	static
../Drivers/STM32C0xx_HAL_Driver/Inc/stm32c0xx_ll_tim.h:3138:22:LL_TIM_SetClockSource	16	static
../Drivers/STM32C0xx_HAL_Driver/Inc/stm32c0xx_ll_tim.h:3184:22:LL_TIM_SetTriggerOutput	16	static
../Drivers/STM32C0xx_HAL_Driver/Inc/stm32c0xx_ll_tim.h:3214:22:LL_TIM_SetTriggerOutput2	16	static
../Drivers/STM32C0xx_HAL_Driver/Inc/stm32c0xx_ll_tim.h:3284:22:LL_TIM_DisableMasterSlaveMode	16	static
../Drivers/STM32C0xx_HAL_Driver/Inc/stm32c0xx_ll_tim.h:3909:22:LL_TIM_ClearFlag_UPDATE	16	static
../Drivers/STM32C0xx_HAL_Driver/Inc/stm32c0xx_ll_tim.h:4272:22:LL_TIM_EnableIT_UPDATE	16	static
../Core/Src/tim.c:42:6:MX_TIM1_Init	32	static
../Core/Src/tim.c:91:6:TimerUpdate_Callback	8	static
../Core/Src/tim.c:101:6:ommo_timer1_task	8	static
