<html>
<body>
<pre>
<h1>µVision Build Log</h1>
<h2>Tool Versions:</h2>
IDE-Version: ¦ÌVision V5.38.0.0
Copyright (C) 2022 ARM Ltd and ARM Germany GmbH. All rights reserved.
License Information: zh cr, ggg, LIC=76F5U-SV76G-PCHJ8-3XN6D-R57IV-NMT1F
 
Tool Versions:
Toolchain:       MDK-ARM Plus  Version: 5.38.0.0
Toolchain Path:  C:\Keil_v538a\ARM\ARMCC\Bin
C Compiler:      Armcc.exe V5.06 (build 20)
Assembler:       Armasm.exe V5.06 (build 20)
Linker/Locator:  ArmLink.exe V5.06 (build 20)
Library Manager: ArmAr.exe V5.06 (build 20)
Hex Converter:   FromElf.exe V5.06 (build 20)
CPU DLL:         SARMCM3.DLL V5.38.0.0
Dialog DLL:      DARMCM1.DLL V1.19.6.0
Target DLL:      STLink\ST-LINKIII-KEIL_SWO.dll V3.1.0.0
Dialog DLL:      TARMCM1.DLL V1.14.6.0
 
<h2>Project:</h2>
D:\STM32MX-TEST3-cct6\pwmtest\pwmtest\MDK-ARM\pwmtest.uvprojx
Project File Date:  06/26/2024

<h2>Output:</h2>
*** Using Compiler 'V5.06 (build 20)', folder: 'C:\Keil_v538a\ARM\ARMCC\Bin'
Rebuild target 'pwmtest'
assembling startup_stm32f030xc.s...
compiling main.c...
compiling gpio.c...
compiling tim.c...
compiling stm32f0xx_ll_gpio.c...
compiling stm32f0xx_ll_pwr.c...
compiling stm32f0xx_it.c...
compiling stm32f0xx_ll_exti.c...
compiling stm32f0xx_ll_dma.c...
compiling stm32f0xx_ll_tim.c...
compiling stm32f0xx_ll_rcc.c...
compiling system_stm32f0xx.c...
compiling stm32f0xx_ll_utils.c...
linking...
Program Size: Code=2764 RO-data=232 RW-data=68 ZI-data=1636  
FromELF: creating hex file...
"pwmtest\pwmtest.axf" - 0 Error(s), 0 Warning(s).

<h2>Software Packages used:</h2>

Package Vendor: ARM
                http://www.keil.com/pack/ARM.CMSIS.5.9.0.pack
                ARM.CMSIS.5.9.0
                CMSIS (Common Microcontroller Software Interface Standard)
   * Component: CORE Version: 5.6.0

Package Vendor: Keil
                https://www.keil.com/pack/Keil.STM32F0xx_DFP.2.1.1.pack
                Keil.STM32F0xx_DFP.2.1.1
                STMicroelectronics STM32F0 Series Device Support, Drivers and Examples

<h2>Collection of Component include folders:</h2>
  ./RTE/_pwmtest
  C:/Users/globalsilicon/AppData/Local/Arm/Packs/ARM/CMSIS/5.9.0/CMSIS/Core/Include
  C:/Users/globalsilicon/AppData/Local/Arm/Packs/Keil/STM32F0xx_DFP/2.1.1/Drivers/CMSIS/Device/ST/STM32F0xx/Include

<h2>Collection of Component Files used:</h2>

   * Component: ARM::CMSIS:CORE:5.6.0
      Include file:  CMSIS/Core/Include/tz_context.h
Build Time Elapsed:  00:00:15
</pre>
</body>
</html>
