../Drivers/CMSIS/Include/core_cm0plus.h:850:22:__NVIC_SetPriority	24	static
../Drivers/STM32C0xx_HAL_Driver/Inc/stm32c0xx_ll_rcc.h:677:22:LL_RCC_HSI_Enable	8	static
../Drivers/STM32C0xx_HAL_Driver/Inc/stm32c0xx_ll_rcc.h:735:26:LL_RCC_HSI_IsReady	8	static
../Drivers/STM32C0xx_HAL_Driver/Inc/stm32c0xx_ll_rcc.h:761:22:LL_RCC_HSI_SetCalibTrimming	16	static
../Drivers/STM32C0xx_HAL_Driver/Inc/stm32c0xx_ll_rcc.h:1005:22:LL_RCC_SetSysClkSource	16	static
../Drivers/STM32C0xx_HAL_Driver/Inc/stm32c0xx_ll_rcc.h:1019:26:LL_RCC_GetSysClkSource	8	static
../Drivers/STM32C0xx_HAL_Driver/Inc/stm32c0xx_ll_rcc.h:1039:22:LL_RCC_SetAHBPrescaler	16	static
../Drivers/STM32C0xx_HAL_Driver/Inc/stm32c0xx_ll_rcc.h:1055:22:LL_RCC_SetAPB1Prescaler	16	static
../Drivers/STM32C0xx_HAL_Driver/Inc/stm32c0xx_ll_rcc.h:1076:22:LL_RCC_SetHSIDiv	16	static
../Drivers/STM32C0xx_HAL_Driver/Inc/stm32c0xx_ll_rcc.h:1184:22:LL_RCC_ConfigMCO	16	static
../Drivers/STM32C0xx_HAL_Driver/Inc/stm32c0xx_ll_bus.h:298:22:LL_APB1_GRP1_EnableClock	24	static
../Drivers/STM32C0xx_HAL_Driver/Inc/stm32c0xx_ll_bus.h:478:22:LL_APB2_GRP1_EnableClock	24	static
../Drivers/STM32C0xx_HAL_Driver/Inc/stm32c0xx_ll_system.h:291:22:LL_SYSCFG_EnablePinRemap	16	static
../Drivers/STM32C0xx_HAL_Driver/Inc/stm32c0xx_ll_system.h:1089:22:LL_FLASH_SetLatency	16	static
../Drivers/STM32C0xx_HAL_Driver/Inc/stm32c0xx_ll_gpio.h:948:22:LL_GPIO_TogglePin	24	static
../Core/Src/main.c:66:6:iputs1	16	static
../Core/Src/main.c:72:6:iputbytes1	16	static
../Core/Src/main.c:78:6:Send_Data_To_UART1	16	static
../Core/Src/main.c:96:5:main	8	static
../Core/Src/main.c:165:6:SystemClock_Config	8	static
../Core/Src/main.c:202:6:Error_Handler	8	static,ignoring_inline_asm
