../Drivers/STM32C0xx_HAL_Driver/Inc/stm32c0xx_ll_gpio.h:890:22:LL_GPIO_SetOutputPin	16	static
../Drivers/STM32C0xx_HAL_Driver/Inc/stm32c0xx_ll_gpio.h:919:22:LL_GPIO_ResetOutputPin	16	static
../Core/Src/sensors/mmc5983.c:15:5:abs	16	static
../Core/Src/sensors/mmc5983.c:26:13:mmc_delay	16	static
../Core/Src/sensors/mmc5983.c:31:9:mmc_read_byte	32	static
../Core/Src/sensors/mmc5983.c:45:6:mmc_write_byte	16	static
../Core/Src/sensors/mmc5983.c:56:9:mmc_get_chip_id	8	static
../Core/Src/sensors/mmc5983.c:60:6:mmc_read_bytes	32	static
../Core/Src/sensors/mmc5983.c:75:6:mmc_current_set	8	static
../Core/Src/sensors/mmc5983.c:80:6:mmc_current_reset	8	static
../Core/Src/sensors/mmc5983.c:85:9:mmc_status	8	static
../Core/Src/sensors/mmc5983.c:89:6:mmc_clear_int	24	static
../Core/Src/sensors/mmc5983.c:95:6:mmc_read_data	16	static
../Core/Src/sensors/mmc5983.c:103:9:mmc_read_temperature	24	static
../Core/Src/sensors/mmc5983.c:116:6:mmc_reset	8	static
../Core/Src/sensors/mmc5983.c:122:6:mmc_read_wait	8	static
../Core/Src/sensors/mmc5983.c:126:6:mmc_offset_bias	104	static
../Core/Src/sensors/mmc5983.c:169:6:mmc_init	24	static
../Core/Src/sensors/mmc5983.c:176:6:mmc_self_test	64	static
../Core/Src/sensors/mmc5983.c:222:6:mmc_power_down	24	static
../Core/Src/sensors/mmc5983.c:230:6:mmc_power_up	32	static
../Core/Src/sensors/mmc5983.c:236:6:mmc_getOffset	56	static
